// Jest Snapshot v1, https://goo.gl/fbAQLP

exports[`AuthRedirectResultsView rendering specification AuthRedirectResultsView is rendered 1`] = `null`;
