// Jest Snapshot v1, https://goo.gl/fbAQLP

exports[`InstantHomeRedirectView rendering specification InstantHomeRedirectView is rendered 1`] = `null`;
