// Jest Snapshot v1, https://goo.gl/fbAQLP

exports[`AuthLogoutView rendering specification AuthLogoutView is rendered 1`] = `null`;
