// Jest Snapshot v1, https://goo.gl/fbAQLP

exports[`AuthResultsView rendering specification AuthResultsView is rendered 1`] = `
<div
  className="App"
>
  <header
    className="App-header"
  >
    <h3>
      File type not supported or it's not a banana, try again
    </h3>
    <a
      href="/success"
      onClick={[Function]}
    >
      <button
        variant="outlined"
      >
        Back
      </button>
    </a>
  </header>
</div>
`;
